goos: linux
goarch: amd64
pkg: github.com/CrunchyData/pg_featureserv/internal/service/benchmarks
cpu: Intel(R) Core(TM) i7-10750H CPU @ 2.60GHz
BenchmarkGetCollectionItem-12    	    8400	    120851 ns/op	    6974 B/op	     102 allocs/op
PASS
ok  	github.com/CrunchyData/pg_featureserv/internal/service/benchmarks	1.058s
